2023-08-24 17:13:12 Loading main app package /usr/lib/obsidian/obsidian.asar
2023-08-24 17:13:12 Checking for update using Github
2023-08-24 17:13:13 Success.
2023-08-24 17:13:13 Latest version is 1.3.7
2023-08-24 17:13:13 App is up to date.
2023-08-25 23:25:39 Loading main app package /usr/lib/obsidian/obsidian.asar
2023-08-25 23:25:39 Checking for update using Github
2023-08-25 23:25:39 Success.
2023-08-25 23:25:39 Latest version is 1.3.7
2023-08-25 23:25:39 App is up to date.
2023-11-21 06:36:55 Loading main app package /usr/lib/obsidian/obsidian.asar
2023-11-21 06:36:55 Checking for update using Github
2023-11-21 06:36:55 Success.
2023-11-21 06:36:55 Latest version is 1.4.16
2023-11-21 06:36:55 App is up to date.
2023-11-21 06:37:36 Checking for update using Github
2023-11-21 06:37:36 Success.
2023-11-21 06:37:36 Latest version is 1.4.16
2023-11-21 06:37:36 App is up to date.
2023-11-21 06:37:37 Checking for update using Github
2023-11-21 06:37:37 Success.
2023-11-21 06:37:37 Latest version is 1.4.16
2023-11-21 06:37:37 App is up to date.
2023-11-21 06:37:37 Checking for update using Github
2023-11-21 06:37:37 Success.
2023-11-21 06:37:37 Latest version is 1.4.16
2023-11-21 06:37:37 App is up to date.
2023-11-21 06:37:38 Checking for update using Github
2023-11-21 06:37:38 Success.
2023-11-21 06:37:38 Latest version is 1.4.16
2023-11-21 06:37:38 App is up to date.
2023-11-21 06:41:39 Loading main app package /usr/lib/obsidian/obsidian.asar
2023-11-21 06:41:39 Checking for update using Github
2023-11-21 06:41:39 Success.
2023-11-21 06:41:39 Latest version is 1.4.16
2023-11-21 06:41:39 App is up to date.
2023-11-25 07:25:10 Loading main app package /usr/lib/obsidian/obsidian.asar
2023-11-25 07:25:10 Checking for update using Github
2023-11-25 07:25:10 Success.
2023-11-25 07:25:10 Latest version is 1.4.16
2023-11-25 07:25:10 App is up to date.
2023-12-21 22:27:44 Loading main app package /usr/lib/obsidian/obsidian.asar
2023-12-21 22:27:44 Checking for update using Github
2023-12-21 22:27:45 Success.
2023-12-21 22:27:45 Latest version is 1.4.16
2023-12-21 22:27:45 App is up to date.
2023-12-21 22:35:47 Loading main app package /usr/lib/obsidian/obsidian.asar
2023-12-21 22:35:47 Checking for update using Github
2023-12-21 22:35:47 Success.
2023-12-21 22:35:47 Latest version is 1.4.16
2023-12-21 22:35:47 App is up to date.
2023-12-22 02:12:30 Checking for update using Github
2023-12-22 02:12:30 Success.
2023-12-22 02:12:30 Latest version is 1.4.16
2023-12-22 02:12:30 App is up to date.
2023-12-22 03:23:33 Checking for update using Github
2023-12-22 03:23:33 Success.
2023-12-22 03:23:33 Latest version is 1.4.16
2023-12-22 03:23:33 App is up to date.
2023-12-22 05:15:50 Checking for update using Github
2023-12-22 05:15:50 Success.
2023-12-22 05:15:50 Latest version is 1.4.16
2023-12-22 05:15:50 App is up to date.
2023-12-22 07:06:34 Loading main app package /usr/lib/obsidian/obsidian.asar
2023-12-22 07:06:34 Checking for update using Github
2023-12-22 07:06:35 Success.
2023-12-22 07:06:35 Latest version is 1.4.16
2023-12-22 07:06:35 App is up to date.
2023-12-30 21:37:48 Loading main app package /usr/lib/obsidian/obsidian.asar
2023-12-30 21:37:48 Checking for update using Github
2023-12-30 21:37:48 Success.
2023-12-30 21:37:48 Latest version is 1.5.3
2023-12-30 21:37:48 App is up to date.
2023-12-31 02:52:42 Checking for update using Github
2023-12-31 02:52:42 Success.
2023-12-31 02:52:42 Latest version is 1.5.3
2023-12-31 02:52:42 App is up to date.
2024-02-06 22:26:39 Loading main app package /usr/lib/obsidian/obsidian.asar
2024-02-06 22:26:39 Checking for update using Github
2024-02-06 22:26:39 Success.
2024-02-06 22:26:39 Latest version is 1.5.3
2024-02-06 22:26:39 App is up to date.
2024-02-06 22:27:13 Loading main app package /usr/lib/obsidian/obsidian.asar
2024-02-06 22:27:13 Checking for update using Github
2024-02-06 22:27:13 Success.
2024-02-06 22:27:13 Latest version is 1.5.3
2024-02-06 22:27:13 App is up to date.
2024-02-07 02:03:31 Checking for update using Github
2024-02-07 02:03:32 Success.
2024-02-07 02:03:32 Latest version is 1.5.3
2024-02-07 02:03:32 App is up to date.
2024-02-29 18:40:46 Loading main app package /usr/lib/obsidian/obsidian.asar
2024-02-29 18:40:46 Checking for update using Github
2024-02-29 18:40:46 Success.
2024-02-29 18:40:46 Latest version is 1.5.8
2024-02-29 18:40:46 App is up to date.
2024-02-29 18:41:34 Checking for update using Github
2024-02-29 18:41:34 Success.
2024-02-29 18:41:34 Latest version is 1.5.8
2024-02-29 18:41:34 App is up to date.
2024-02-29 18:41:35 Checking for update using Github
2024-02-29 18:41:35 Success.
2024-02-29 18:41:35 Latest version is 1.5.8
2024-02-29 18:41:35 App is up to date.
2024-02-29 19:40:46 Checking for update using Github
2024-02-29 19:40:46 Success.
2024-02-29 19:40:46 Latest version is 1.5.8
2024-02-29 19:40:46 App is up to date.
2024-03-01 16:41:01 Loading main app package /usr/lib/obsidian/obsidian.asar
2024-03-01 16:41:01 Checking for update using Github
2024-03-01 16:41:01 Success.
2024-03-01 16:41:01 Latest version is 1.5.8
2024-03-01 16:41:01 App is up to date.
2024-03-01 18:03:10 Loading main app package /usr/lib/obsidian/obsidian.asar
2024-03-01 18:03:11 Checking for update using Github
2024-03-01 18:03:11 Success.
2024-03-01 18:03:11 Latest version is 1.5.8
2024-03-01 18:03:11 App is up to date.
2024-03-01 18:03:23 Checking for update using Github
2024-03-01 18:03:23 Success.
2024-03-01 18:03:23 Latest version is 1.5.8
2024-03-01 18:03:23 App is up to date.
2024-03-01 18:03:44 Loading main app package /usr/lib/obsidian/obsidian.asar
2024-03-01 18:03:44 Checking for update using Github
2024-03-01 18:03:44 Success.
2024-03-01 18:03:44 Latest version is 1.5.8
2024-03-01 18:03:44 App is up to date.
2024-03-01 18:06:08 Loading main app package /usr/lib/obsidian/obsidian.asar
2024-03-01 18:06:09 Checking for update using Github
2024-03-01 18:06:09 Success.
2024-03-01 18:06:09 Latest version is 1.5.8
2024-03-01 18:06:09 App is up to date.
2024-03-01 18:06:39 Loading main app package /usr/lib/obsidian/obsidian.asar
2024-03-01 18:06:39 Checking for update using Github
2024-03-01 18:06:39 Success.
2024-03-01 18:06:39 Latest version is 1.5.8
2024-03-01 18:06:39 App is up to date.
2024-03-01 18:07:52 Loading main app package /usr/lib/obsidian/obsidian.asar
2024-03-01 18:07:53 Checking for update using Github
2024-03-01 18:07:53 Success.
2024-03-01 18:07:53 Latest version is 1.5.8
2024-03-01 18:07:53 App is up to date.
2024-03-06 21:27:20 Loading main app package /usr/lib/obsidian/obsidian.asar
2024-03-06 21:27:21 Checking for update using Github
2024-03-06 21:27:21 Success.
2024-03-06 21:27:21 Latest version is 1.5.8
2024-03-06 21:27:21 App is up to date.
2024-04-24 22:28:22 Loading main app package /usr/lib/obsidian/obsidian.asar
2024-04-24 22:28:22 Checking for update using Github
2024-04-24 22:28:23 Success.
2024-04-24 22:28:23 Latest version is 1.5.12
2024-04-24 22:28:23 App is up to date.
2024-04-24 23:28:22 Checking for update using Github
2024-04-24 23:28:23 Success.
2024-04-24 23:28:23 Latest version is 1.5.12
2024-04-24 23:28:23 App is up to date.
2024-04-25 00:28:22 Checking for update using Github
2024-04-25 00:28:23 Success.
2024-04-25 00:28:23 Latest version is 1.5.12
2024-04-25 00:28:23 App is up to date.
2024-04-25 01:28:22 Checking for update using Github
2024-04-25 01:28:23 Success.
2024-04-25 01:28:23 Latest version is 1.5.12
2024-04-25 01:28:23 App is up to date.
2024-04-25 02:28:22 Checking for update using Github
2024-04-25 02:28:23 Success.
2024-04-25 02:28:23 Latest version is 1.5.12
2024-04-25 02:28:23 App is up to date.
2024-05-07 21:36:36 Loading main app package /usr/lib/obsidian/obsidian.asar
2024-05-07 21:36:36 Checking for update using Github
2024-05-07 21:36:36 Success.
2024-05-07 21:36:36 Latest version is 1.5.12
2024-05-07 21:36:36 App is up to date.
2024-05-14 04:20:50 Loading main app package /usr/lib/obsidian/obsidian.asar
2024-05-14 04:20:50 Checking for update using Github
2024-05-14 04:20:51 Success.
2024-05-14 04:20:51 Latest version is 1.5.12
2024-05-14 04:20:51 App is up to date.
2024-05-14 04:27:05 Loading main app package /usr/lib/obsidian/obsidian.asar
2024-05-14 04:27:05 Checking for update using Github
2024-05-14 04:27:06 Success.
2024-05-14 04:27:06 Latest version is 1.5.12
2024-05-14 04:27:06 App is up to date.
2024-06-14 04:50:05 Loading main app package /usr/lib/obsidian/obsidian.asar
2024-06-14 04:50:05 Checking for update using Github
2024-06-14 04:50:06 Success.
2024-06-14 04:50:06 Latest version is 1.6.3
2024-06-14 04:50:06 App is up to date.
2024-06-14 04:51:53 Loading main app package /usr/lib/obsidian/obsidian.asar
2024-06-14 04:51:53 Checking for update using Github
2024-06-14 04:51:53 Success.
2024-06-14 04:51:53 Latest version is 1.6.3
2024-06-14 04:51:53 App is up to date.
2024-06-14 04:58:33 Loading main app package /usr/lib/obsidian/obsidian.asar
2024-06-14 04:58:33 Checking for update using Github
2024-06-14 04:58:34 Success.
2024-06-14 04:58:34 Latest version is 1.6.3
2024-06-14 04:58:34 App is up to date.
2024-06-14 06:01:09 Checking for update using Github
2024-06-14 06:01:09 Success.
2024-06-14 06:01:09 Latest version is 1.6.3
2024-06-14 06:01:09 App is up to date.
2024-06-14 22:16:26 Loading main app package /usr/lib/obsidian/obsidian.asar
2024-06-14 22:16:26 Checking for update using Github
2024-06-14 22:16:26 Success.
2024-06-14 22:16:26 Latest version is 1.6.3
2024-06-14 22:16:26 App is up to date.
2024-06-14 23:16:26 Checking for update using Github
2024-06-14 23:16:26 Success.
2024-06-14 23:16:26 Latest version is 1.6.3
2024-06-14 23:16:26 App is up to date.
2024-06-15 00:27:43 Checking for update using Github
2024-06-15 00:27:43 Success.
2024-06-15 00:27:43 Latest version is 1.6.3
2024-06-15 00:27:43 App is up to date.
2024-06-15 02:31:26 Checking for update using Github
2024-06-15 02:31:26 Success.
2024-06-15 02:31:26 Latest version is 1.6.3
2024-06-15 02:31:26 App is up to date.
2024-06-15 03:33:52 Checking for update using Github
2024-06-15 03:33:52 Success.
2024-06-15 03:33:52 Latest version is 1.6.3
2024-06-15 03:33:52 App is up to date.
2024-06-15 04:33:52 Checking for update using Github
2024-06-15 04:33:52 Success.
2024-06-15 04:33:52 Latest version is 1.6.3
2024-06-15 04:33:52 App is up to date.
2024-06-15 05:33:52 Checking for update using Github
2024-06-15 05:33:52 Success.
2024-06-15 05:33:52 Latest version is 1.6.3
2024-06-15 05:33:52 App is up to date.
2024-06-15 06:30:58 Loading main app package /usr/lib/obsidian/obsidian.asar
2024-06-15 06:30:58 Checking for update using Github
2024-06-15 06:30:58 Success.
2024-06-15 06:30:58 Latest version is 1.6.3
2024-06-15 06:30:58 App is up to date.
2024-06-15 16:35:20 Loading main app package /usr/lib/obsidian/obsidian.asar
2024-06-15 16:35:20 Checking for update using Github
2024-06-15 16:35:20 Success.
2024-06-15 16:35:20 Latest version is 1.6.3
2024-06-15 16:35:20 App is up to date.
2024-06-15 16:35:33 Loading main app package /usr/lib/obsidian/obsidian.asar
2024-06-15 16:35:33 Checking for update using Github
2024-06-15 16:35:33 Success.
2024-06-15 16:35:33 Latest version is 1.6.3
2024-06-15 16:35:33 App is up to date.
2024-06-15 17:35:33 Checking for update using Github
2024-06-15 17:35:34 Success.
2024-06-15 17:35:34 Latest version is 1.6.3
2024-06-15 17:35:34 App is up to date.
2024-06-15 18:35:33 Checking for update using Github
2024-06-15 18:35:33 Success.
2024-06-15 18:35:33 Latest version is 1.6.3
2024-06-15 18:35:33 App is up to date.
2024-06-15 20:46:23 Checking for update using Github
2024-06-15 20:46:24 Success.
2024-06-15 20:46:24 Latest version is 1.6.3
2024-06-15 20:46:24 App is up to date.
2024-06-15 21:52:57 Checking for update using Github
2024-06-15 21:52:57 Success.
2024-06-15 21:52:57 Latest version is 1.6.3
2024-06-15 21:52:57 App is up to date.
2024-06-15 23:48:11 Checking for update using Github
2024-06-15 23:48:11 Success.
2024-06-15 23:48:11 Latest version is 1.6.3
2024-06-15 23:48:11 App is up to date.
2024-06-16 00:48:11 Checking for update using Github
2024-06-16 00:48:11 Success.
2024-06-16 00:48:11 Latest version is 1.6.3
2024-06-16 00:48:11 App is up to date.
2024-06-16 03:29:49 Checking for update using Github
2024-06-16 03:29:49 Success.
2024-06-16 03:29:49 Latest version is 1.6.3
2024-06-16 03:29:49 App is up to date.
2024-06-16 21:34:09 Loading main app package /usr/lib/obsidian/obsidian.asar
2024-06-16 21:34:09 Checking for update using Github
2024-06-16 21:34:09 Success.
2024-06-16 21:34:09 Latest version is 1.6.3
2024-06-16 21:34:09 App is up to date.
2024-06-16 21:34:17 Loading main app package /usr/lib/obsidian/obsidian.asar
2024-06-16 21:34:18 Checking for update using Github
2024-06-16 21:34:18 Success.
2024-06-16 21:34:18 Latest version is 1.6.3
2024-06-16 21:34:18 App is up to date.
2024-06-16 21:35:36 Loading main app package /usr/lib/obsidian/obsidian.asar
2024-06-16 21:35:36 Checking for update using Github
2024-06-16 21:35:36 Success.
2024-06-16 21:35:36 Latest version is 1.6.3
2024-06-16 21:35:36 App is up to date.
2024-06-16 21:35:48 Loading main app package /usr/lib/obsidian/obsidian.asar
2024-06-16 21:35:48 Checking for update using Github
2024-06-16 21:35:48 Success.
2024-06-16 21:35:48 Latest version is 1.6.3
2024-06-16 21:35:48 App is up to date.
2024-06-16 22:37:57 Checking for update using Github
2024-06-16 22:37:57 Success.
2024-06-16 22:37:57 Latest version is 1.6.3
2024-06-16 22:37:57 App is up to date.
2024-06-17 03:37:53 Checking for update using Github
2024-06-17 03:37:53 Success.
2024-06-17 03:37:53 Latest version is 1.6.3
2024-06-17 03:37:53 App is up to date.
2024-06-17 04:37:53 Checking for update using Github
2024-06-17 04:37:53 Success.
2024-06-17 04:37:53 Latest version is 1.6.3
2024-06-17 04:37:53 App is up to date.
2024-06-17 05:41:31 Checking for update using Github
2024-06-17 05:41:31 Success.
2024-06-17 05:41:31 Latest version is 1.6.3
2024-06-17 05:41:31 App is up to date.
2024-06-17 06:48:10 Checking for update using Github
2024-06-17 06:48:10 Success.
2024-06-17 06:48:10 Latest version is 1.6.3
2024-06-17 06:48:10 App is up to date.
2024-06-18 01:37:06 Loading main app package /usr/lib/obsidian/obsidian.asar
2024-06-18 01:37:06 Checking for update using Github
2024-06-18 01:37:06 Success.
2024-06-18 01:37:06 Latest version is 1.6.3
2024-06-18 01:37:06 App is up to date.
2024-06-18 01:37:38 Loading main app package /usr/lib/obsidian/obsidian.asar
2024-06-18 01:37:38 Checking for update using Github
2024-06-18 01:37:38 Success.
2024-06-18 01:37:38 Latest version is 1.6.3
2024-06-18 01:37:38 App is up to date.
2024-06-18 01:37:53 Loading main app package /usr/lib/obsidian/obsidian.asar
2024-06-18 01:37:53 Checking for update using Github
2024-06-18 01:37:53 Success.
2024-06-18 01:37:53 Latest version is 1.6.3
2024-06-18 01:37:53 App is up to date.
2024-06-18 02:37:53 Checking for update using Github
2024-06-18 02:37:53 Success.
2024-06-18 02:37:53 Latest version is 1.6.3
2024-06-18 02:37:53 App is up to date.
2024-06-19 02:35:43 Loading main app package /usr/lib/obsidian/obsidian.asar
2024-06-19 02:35:44 Checking for update using Github
2024-06-19 02:35:44 Success.
2024-06-19 02:35:44 Latest version is 1.6.3
2024-06-19 02:35:44 App is up to date.
2024-06-19 02:36:01 Loading main app package /usr/lib/obsidian/obsidian.asar
2024-06-19 02:36:01 Checking for update using Github
2024-06-19 02:36:01 Success.
2024-06-19 02:36:01 Latest version is 1.6.3
2024-06-19 02:36:01 App is up to date.
2024-06-19 02:36:31 Loading main app package /usr/lib/obsidian/obsidian.asar
2024-06-19 02:36:31 Checking for update using Github
2024-06-19 02:36:31 Success.
2024-06-19 02:36:31 Latest version is 1.6.3
2024-06-19 02:36:31 App is up to date.
2024-06-19 02:37:19 Loading main app package /usr/lib/obsidian/obsidian.asar
2024-06-19 02:37:19 Checking for update using Github
2024-06-19 02:37:20 Success.
2024-06-19 02:37:20 Latest version is 1.6.3
2024-06-19 02:37:20 App is up to date.
2024-06-19 02:42:30 Loading main app package /usr/lib/obsidian/obsidian.asar
2024-06-19 02:42:30 Checking for update using Github
2024-06-19 02:42:30 Success.
2024-06-19 02:42:30 Latest version is 1.6.3
2024-06-19 02:42:30 App is up to date.
2024-06-19 02:44:19 Loading main app package /usr/lib/obsidian/obsidian.asar
2024-06-19 02:44:20 Checking for update using Github
2024-06-19 02:44:20 Success.
2024-06-19 02:44:20 Latest version is 1.6.3
2024-06-19 02:44:20 App is up to date.
2024-06-19 03:44:19 Checking for update using Github
2024-06-19 03:44:20 Success.
2024-06-19 03:44:20 Latest version is 1.6.3
2024-06-19 03:44:20 App is up to date.
2024-06-19 08:40:37 Loading main app package /usr/lib/obsidian/obsidian.asar
2024-06-19 08:40:37 Checking for update using Github
2024-06-19 08:40:37 Success.
2024-06-19 08:40:37 Latest version is 1.6.3
2024-06-19 08:40:37 App is up to date.
2024-06-19 09:40:38 Checking for update using Github
2024-06-19 09:40:38 Success.
2024-06-19 09:40:38 Latest version is 1.6.3
2024-06-19 09:40:38 App is up to date.
2024-06-20 23:04:02 Loading main app package /usr/lib/obsidian/obsidian.asar
2024-06-20 23:04:02 Checking for update using Github
2024-06-20 23:04:03 Success.
2024-06-20 23:04:03 Latest version is 1.6.3
2024-06-20 23:04:03 App is up to date.
2024-06-20 23:06:53 Loading main app package /usr/lib/obsidian/obsidian.asar
2024-06-20 23:06:53 Checking for update using Github
2024-06-20 23:06:53 Success.
2024-06-20 23:06:53 Latest version is 1.6.3
2024-06-20 23:06:53 App is up to date.
2024-06-20 23:07:09 Loading main app package /usr/lib/obsidian/obsidian.asar
2024-06-20 23:07:09 Checking for update using Github
2024-06-20 23:07:09 Success.
2024-06-20 23:07:09 Latest version is 1.6.3
2024-06-20 23:07:09 App is up to date.
2024-06-20 23:07:55 Loading main app package /usr/lib/obsidian/obsidian.asar
2024-06-20 23:07:55 Checking for update using Github
2024-06-20 23:07:55 Success.
2024-06-20 23:07:55 Latest version is 1.6.3
2024-06-20 23:07:55 App is up to date.
2024-06-20 23:08:03 Loading main app package /usr/lib/obsidian/obsidian.asar
2024-06-20 23:08:04 Checking for update using Github
2024-06-20 23:08:04 Success.
2024-06-20 23:08:04 Latest version is 1.6.3
2024-06-20 23:08:04 App is up to date.
2024-06-20 23:09:22 Loading main app package /usr/lib/obsidian/obsidian.asar
2024-06-20 23:09:22 Checking for update using Github
2024-06-20 23:09:23 Success.
2024-06-20 23:09:23 Latest version is 1.6.3
2024-06-20 23:09:23 App is up to date.
2024-06-21 02:03:05 Checking for update using Github
2024-06-21 02:03:05 Success.
2024-06-21 02:03:05 Latest version is 1.6.3
2024-06-21 02:03:05 App is up to date.
2024-06-22 01:11:43 Checking for update using Github
2024-06-22 01:11:46 Loading main app package /usr/lib/obsidian/obsidian.asar
2024-06-22 01:11:46 Checking for update using Github
2024-06-22 01:11:46 Success.
2024-06-22 01:11:46 Latest version is 1.6.3
2024-06-22 01:11:46 App is up to date.
2024-06-22 01:12:43 Loading main app package /usr/lib/obsidian/obsidian.asar
2024-06-22 01:12:43 Checking for update using Github
2024-06-22 01:12:44 Success.
2024-06-22 01:12:44 Latest version is 1.6.3
2024-06-22 01:12:44 App is up to date.
2024-06-22 03:07:21 Checking for update using Github
2024-06-22 03:07:22 Success.
2024-06-22 03:07:22 Latest version is 1.6.3
2024-06-22 03:07:22 App is up to date.
2024-06-24 18:28:44 Loading main app package /usr/lib/obsidian/obsidian.asar
2024-06-24 18:28:44 Checking for update using Github
2024-06-24 18:28:44 Success.
2024-06-24 18:28:44 Latest version is 1.6.3
2024-06-24 18:28:44 App is up to date.
2024-06-24 18:53:43 Loading main app package /usr/lib/obsidian/obsidian.asar
2024-06-24 18:53:43 Checking for update using Github
2024-06-24 18:53:43 Success.
2024-06-24 18:53:43 Latest version is 1.6.3
2024-06-24 18:53:43 App is up to date.
2024-06-24 20:05:37 Checking for update using Github
2024-06-24 20:05:37 Success.
2024-06-24 20:05:37 Latest version is 1.6.3
2024-06-24 20:05:37 App is up to date.
2024-06-24 21:05:37 Checking for update using Github
2024-06-24 21:05:37 Success.
2024-06-24 21:05:37 Latest version is 1.6.3
2024-06-24 21:05:37 App is up to date.
2024-06-24 22:05:37 Checking for update using Github
2024-06-24 22:05:37 Success.
2024-06-24 22:05:37 Latest version is 1.6.3
2024-06-24 22:05:37 App is up to date.
2024-06-25 01:05:42 Checking for update using Github
2024-06-25 01:05:42 Success.
2024-06-25 01:05:42 Latest version is 1.6.3
2024-06-25 01:05:42 App is up to date.
2024-06-25 15:40:20 Checking for update using Github
2024-06-25 15:40:20 Success.
2024-06-25 15:40:20 Latest version is 1.6.5
2024-06-25 15:40:20 Downloading update from https://github.com/obsidianmd/obsidian-releases/releases/download/v1.6.5/obsidian-1.6.5.asar.gz
2024-06-25 15:40:25 Verifying hash & signature. Size= 8839622
2024-06-25 15:40:25 Saving file
2024-06-25 15:40:25 Update complete.
2024-06-25 17:27:45 Checking for update using Github
2024-06-25 17:27:45 Success.
2024-06-25 17:27:45 Latest version is 1.6.5
2024-06-25 17:27:45 An update is already downloaded.
2024-06-25 19:34:51 Checking for update using Github
2024-06-25 19:34:51 Success.
2024-06-25 19:34:51 Latest version is 1.6.5
2024-06-25 19:34:51 An update is already downloaded.
2024-06-26 01:05:41 Checking for update using Github
2024-06-26 01:05:41 Success.
2024-06-26 01:05:41 Latest version is 1.6.5
2024-06-26 01:05:41 An update is already downloaded.
2024-06-26 02:28:22 Checking for update using Github
2024-06-26 02:28:22 Success.
2024-06-26 02:28:22 Latest version is 1.6.5
2024-06-26 02:28:22 An update is already downloaded.
2024-06-26 03:28:47 Checking for update using Github
2024-06-26 03:28:47 Success.
2024-06-26 03:28:47 Latest version is 1.6.5
2024-06-26 03:28:47 An update is already downloaded.
2024-06-26 16:40:51 Checking for update using Github
2024-06-26 16:40:52 Success.
2024-06-26 16:40:52 Latest version is 1.6.5
2024-06-26 16:40:52 An update is already downloaded.
2024-06-26 21:11:14 Checking for update using Github
2024-06-26 21:11:14 Success.
2024-06-26 21:11:14 Latest version is 1.6.5
2024-06-26 21:11:14 An update is already downloaded.
2024-06-27 16:00:59 Checking for update using Github
2024-06-27 16:01:00 Success.
2024-06-27 16:01:00 Latest version is 1.6.5
2024-06-27 16:01:00 An update is already downloaded.
2024-06-27 17:01:00 Checking for update using Github
2024-06-27 17:01:00 Success.
2024-06-27 17:01:00 Latest version is 1.6.5
2024-06-27 17:01:00 An update is already downloaded.
2024-06-27 18:01:00 Checking for update using Github
2024-06-27 18:01:00 Success.
2024-06-27 18:01:00 Latest version is 1.6.5
2024-06-27 18:01:00 An update is already downloaded.
2024-06-27 19:01:00 Checking for update using Github
2024-06-27 19:01:00 Success.
2024-06-27 19:01:00 Latest version is 1.6.5
2024-06-27 19:01:00 An update is already downloaded.
2024-06-27 20:01:00 Checking for update using Github
2024-06-27 20:01:00 Success.
2024-06-27 20:01:00 Latest version is 1.6.5
2024-06-27 20:01:00 An update is already downloaded.
2024-06-27 21:55:46 Checking for update using Github
2024-06-27 21:55:47 Success.
2024-06-27 21:55:47 Latest version is 1.6.5
2024-06-27 21:55:47 An update is already downloaded.
2024-06-27 23:44:46 Checking for update using Github
2024-06-27 23:44:46 Success.
2024-06-27 23:44:46 Latest version is 1.6.5
2024-06-27 23:44:46 An update is already downloaded.
2024-06-28 01:14:01 Checking for update using Github
2024-06-28 01:14:01 Success.
2024-06-28 01:14:01 Latest version is 1.6.5
2024-06-28 01:14:01 An update is already downloaded.
2024-06-28 13:44:15 Checking for update using Github
2024-06-28 13:44:15 Success.
2024-06-28 13:44:15 Latest version is 1.6.5
2024-06-28 13:44:15 An update is already downloaded.
2024-06-29 03:06:28 Checking for update using Github
2024-06-29 03:06:29 Success.
2024-06-29 03:06:29 Latest version is 1.6.5
2024-06-29 03:06:29 An update is already downloaded.
2024-06-30 20:53:04 Loading main app package /usr/lib/obsidian/obsidian.asar
2024-06-30 20:53:05 Checking for update using Github
2024-06-30 20:53:05 Success.
2024-06-30 20:53:05 Latest version is 1.6.5
2024-06-30 20:53:05 App is up to date.
2024-06-30 22:54:08 Checking for update using Github
2024-06-30 22:54:08 Success.
2024-06-30 22:54:08 Latest version is 1.6.5
2024-06-30 22:54:08 App is up to date.
2024-07-01 22:07:57 Checking for update using Github
2024-07-01 22:07:57 Success.
2024-07-01 22:07:57 Latest version is 1.6.5
2024-07-01 22:07:57 App is up to date.
2024-07-02 03:02:15 Checking for update using Github
2024-07-02 03:02:16 Success.
2024-07-02 03:02:16 Latest version is 1.6.5
2024-07-02 03:02:16 App is up to date.
2024-07-02 04:20:06 Checking for update using Github
2024-07-02 04:20:06 Success.
2024-07-02 04:20:06 Latest version is 1.6.5
2024-07-02 04:20:06 App is up to date.
2024-07-02 05:20:06 Checking for update using Github
2024-07-02 05:20:06 Success.
2024-07-02 05:20:06 Latest version is 1.6.5
2024-07-02 05:20:06 App is up to date.
2024-07-08 14:33:01 Loading main app package /usr/lib/obsidian/obsidian.asar
2024-07-08 14:33:01 Checking for update using Github
2024-07-08 14:33:01 Success.
2024-07-08 14:33:01 Latest version is 1.6.5
2024-07-08 14:33:02 App is up to date.
2024-07-08 15:33:01 Checking for update using Github
2024-07-08 15:33:01 Success.
2024-07-08 15:33:01 Latest version is 1.6.5
2024-07-08 15:33:01 App is up to date.
2024-07-08 17:31:18 Checking for update using Github
2024-07-08 17:31:18 Success.
2024-07-08 17:31:18 Latest version is 1.6.5
2024-07-08 17:31:18 App is up to date.
2024-07-08 18:42:56 Checking for update using Github
2024-07-08 18:42:56 Success.
2024-07-08 18:42:56 Latest version is 1.6.5
2024-07-08 18:42:56 App is up to date.
2024-07-08 20:15:57 Checking for update using Github
2024-07-08 20:15:57 Success.
2024-07-08 20:15:57 Latest version is 1.6.5
2024-07-08 20:15:57 App is up to date.
2024-07-08 21:15:57 Checking for update using Github
2024-07-08 21:15:57 Success.
2024-07-08 21:15:57 Latest version is 1.6.5
2024-07-08 21:15:57 App is up to date.
2024-07-08 22:15:57 Checking for update using Github
2024-07-08 22:15:58 Success.
2024-07-08 22:15:58 Latest version is 1.6.5
2024-07-08 22:15:58 App is up to date.
2024-07-08 23:15:57 Checking for update using Github
2024-07-08 23:15:57 Success.
2024-07-08 23:15:57 Latest version is 1.6.5
2024-07-08 23:15:57 App is up to date.
2024-07-09 00:15:57 Checking for update using Github
2024-07-09 00:15:57 Success.
2024-07-09 00:15:57 Latest version is 1.6.5
2024-07-09 00:15:57 App is up to date.
2024-07-09 01:30:32 Checking for update using Github
2024-07-09 01:30:32 Success.
2024-07-09 01:30:32 Latest version is 1.6.5
2024-07-09 01:30:32 App is up to date.
2024-07-09 02:30:32 Checking for update using Github
2024-07-09 02:30:33 Success.
2024-07-09 02:30:33 Latest version is 1.6.5
2024-07-09 02:30:33 App is up to date.
2024-07-09 04:09:26 Checking for update using Github
2024-07-09 04:09:26 Success.
2024-07-09 04:09:26 Latest version is 1.6.5
2024-07-09 04:09:26 App is up to date.
2024-07-09 16:23:48 Checking for update using Github
2024-07-09 16:23:48 Success.
2024-07-09 16:23:48 Latest version is 1.6.5
2024-07-09 16:23:48 App is up to date.
2024-07-09 17:23:48 Checking for update using Github
2024-07-09 17:23:48 Success.
2024-07-09 17:23:48 Latest version is 1.6.5
2024-07-09 17:23:48 App is up to date.
2024-07-09 18:23:48 Checking for update using Github
2024-07-09 18:23:48 Success.
2024-07-09 18:23:48 Latest version is 1.6.5
2024-07-09 18:23:48 App is up to date.
2024-07-09 19:23:48 Checking for update using Github
2024-07-09 19:23:48 Success.
2024-07-09 19:23:48 Latest version is 1.6.5
2024-07-09 19:23:48 App is up to date.
2024-07-09 23:18:23 Checking for update using Github
2024-07-09 23:18:23 Success.
2024-07-09 23:18:23 Latest version is 1.6.5
2024-07-09 23:18:23 App is up to date.
2024-07-10 00:18:23 Checking for update using Github
2024-07-10 00:18:23 Success.
2024-07-10 00:18:23 Latest version is 1.6.5
2024-07-10 00:18:23 App is up to date.
2024-07-10 01:33:10 Checking for update using Github
2024-07-10 01:33:10 Success.
2024-07-10 01:33:10 Latest version is 1.6.5
2024-07-10 01:33:10 App is up to date.
2024-07-10 03:13:30 Checking for update using Github
2024-07-10 15:52:59 Loading main app package /usr/lib/obsidian/obsidian.asar
2024-07-10 15:52:59 Checking for update using Github
2024-07-10 15:53:00 Success.
2024-07-10 15:53:00 Latest version is 1.6.5
2024-07-10 15:53:00 App is up to date.
2024-07-10 18:01:08 Checking for update using Github
2024-07-10 18:01:08 Success.
2024-07-10 18:01:08 Latest version is 1.6.5
2024-07-10 18:01:08 App is up to date.
2024-07-10 20:00:46 Checking for update using Github
2024-07-10 20:00:46 Success.
2024-07-10 20:00:46 Latest version is 1.6.5
2024-07-10 20:00:46 App is up to date.
2024-07-10 21:00:46 Checking for update using Github
2024-07-10 21:00:46 Success.
2024-07-10 21:00:46 Latest version is 1.6.5
2024-07-10 21:00:46 App is up to date.
2024-07-10 22:00:46 Checking for update using Github
2024-07-10 22:00:46 Success.
2024-07-10 22:00:46 Latest version is 1.6.5
2024-07-10 22:00:46 App is up to date.
2024-07-12 19:52:07 Loading main app package /usr/lib/obsidian/obsidian.asar
2024-07-12 19:52:08 Checking for update using Github
2024-07-12 19:52:08 Success.
2024-07-12 19:52:08 Latest version is 1.6.5
2024-07-12 19:52:08 App is up to date.
2024-07-12 22:07:34 Checking for update using Github
2024-07-12 22:07:35 Success.
2024-07-12 22:07:35 Latest version is 1.6.5
2024-07-12 22:07:35 App is up to date.
2024-07-12 23:50:26 Checking for update using Github
2024-07-12 23:50:26 Success.
2024-07-12 23:50:26 Latest version is 1.6.5
2024-07-12 23:50:26 App is up to date.
2024-07-18 22:03:08 Loading main app package /usr/lib/obsidian/obsidian.asar
2024-07-18 22:03:09 Checking for update using Github
2024-07-18 22:03:09 Success.
2024-07-18 22:03:09 Latest version is 1.6.7
2024-07-18 22:03:09 App is up to date.
2024-07-19 17:55:17 Checking for update using Github
2024-07-19 17:55:17 Success.
2024-07-19 17:55:17 Latest version is 1.6.7
2024-07-19 17:55:17 App is up to date.
2024-07-19 18:55:17 Checking for update using Github
2024-07-19 18:55:17 Success.
2024-07-19 18:55:17 Latest version is 1.6.7
2024-07-19 18:55:17 App is up to date.
2024-07-19 20:17:21 Checking for update using Github
2024-07-19 20:17:21 Success.
2024-07-19 20:17:21 Latest version is 1.6.7
2024-07-19 20:17:21 App is up to date.
2024-07-19 21:17:21 Checking for update using Github
2024-07-19 21:17:21 Success.
2024-07-19 21:17:21 Latest version is 1.6.7
2024-07-19 21:17:21 App is up to date.
2024-07-19 22:37:54 Checking for update using Github
2024-07-19 22:37:55 Success.
2024-07-19 22:37:55 Latest version is 1.6.7
2024-07-19 22:37:55 App is up to date.
2024-07-19 23:37:55 Checking for update using Github
2024-07-19 23:37:55 Success.
2024-07-19 23:37:55 Latest version is 1.6.7
2024-07-19 23:37:55 App is up to date.
2024-07-20 01:50:43 Checking for update using Github
2024-07-20 01:50:43 Success.
2024-07-20 01:50:43 Latest version is 1.6.7
2024-07-20 01:50:43 App is up to date.
2024-07-20 02:50:43 Checking for update using Github
2024-07-20 02:50:43 Success.
2024-07-20 02:50:43 Latest version is 1.6.7
2024-07-20 02:50:43 App is up to date.
2024-07-20 03:50:43 Checking for update using Github
2024-07-20 03:50:43 Success.
2024-07-20 03:50:43 Latest version is 1.6.7
2024-07-20 03:50:43 App is up to date.
2024-07-20 04:50:43 Checking for update using Github
2024-07-20 04:50:43 Success.
2024-07-20 04:50:43 Latest version is 1.6.7
2024-07-20 04:50:43 App is up to date.
2024-07-20 06:48:27 Checking for update using Github
2024-07-20 06:48:27 Success.
2024-07-20 06:48:27 Latest version is 1.6.7
2024-07-20 06:48:27 App is up to date.
2024-07-20 07:48:27 Checking for update using Github
2024-07-20 07:48:28 Success.
2024-07-20 07:48:28 Latest version is 1.6.7
2024-07-20 07:48:28 App is up to date.
2024-07-20 08:48:27 Checking for update using Github
2024-07-20 08:48:28 Success.
2024-07-20 08:48:28 Latest version is 1.6.7
2024-07-20 08:48:28 App is up to date.
2024-07-23 16:38:33 Loading main app package /usr/lib/obsidian/obsidian.asar
2024-07-23 16:38:33 Checking for update using Github
2024-07-23 16:38:34 Success.
2024-07-23 16:38:34 Latest version is 1.6.7
2024-07-23 16:38:34 App is up to date.
2024-07-25 14:59:45 Loading main app package /usr/lib/obsidian/obsidian.asar
2024-07-25 14:59:45 Checking for update using Github
2024-07-25 14:59:45 Success.
2024-07-25 14:59:45 Latest version is 1.6.7
2024-07-25 14:59:45 App is up to date.
2024-07-25 21:46:51 Loading main app package /usr/lib/obsidian/obsidian.asar
2024-07-25 21:46:52 Checking for update using Github
2024-07-25 21:46:52 Success.
2024-07-25 21:46:52 Latest version is 1.6.7
2024-07-25 21:46:52 App is up to date.
2024-07-26 18:57:13 Loading main app package /usr/lib/obsidian/obsidian.asar
2024-07-26 18:57:14 Checking for update using Github
2024-07-26 18:57:14 Success.
2024-07-26 18:57:14 Latest version is 1.6.7
2024-07-26 18:57:14 App is up to date.
2024-07-26 19:03:01 Loading main app package /usr/lib/obsidian/obsidian.asar
2024-07-26 19:03:01 Checking for update using Github
2024-07-26 19:03:02 Success.
2024-07-26 19:03:02 Latest version is 1.6.7
2024-07-26 19:03:02 App is up to date.
2024-07-26 20:16:58 Checking for update using Github
2024-07-26 20:16:58 Success.
2024-07-26 20:16:58 Latest version is 1.6.7
2024-07-26 20:16:58 App is up to date.
2024-07-26 21:16:59 Checking for update using Github
2024-07-26 21:16:59 Success.
2024-07-26 21:16:59 Latest version is 1.6.7
2024-07-26 21:16:59 App is up to date.
2024-07-28 03:18:01 Loading main app package /usr/lib/obsidian/obsidian.asar
2024-07-28 03:18:02 Checking for update using Github
2024-07-28 03:18:02 Success.
2024-07-28 03:18:02 Latest version is 1.6.7
2024-07-28 03:18:02 App is up to date.
2024-07-28 04:18:01 Checking for update using Github
2024-07-28 04:18:02 Success.
2024-07-28 04:18:02 Latest version is 1.6.7
2024-07-28 04:18:02 App is up to date.
2024-08-03 21:06:09 Loading main app package /usr/lib/obsidian/obsidian.asar
2024-08-03 21:06:10 Checking for update using Github
2024-08-03 21:06:10 Success.
2024-08-03 21:06:10 Latest version is 1.6.7
2024-08-03 21:06:10 App is up to date.
2024-08-17 20:09:01 Loading main app package /usr/lib/obsidian/obsidian.asar
2024-08-17 20:09:01 Checking for update using Github
2024-08-17 20:09:01 Success.
2024-08-17 20:09:01 Latest version is 1.6.7
2024-08-17 20:09:01 App is up to date.
2024-08-17 21:23:22 Checking for update using Github
2024-08-17 21:23:23 Success.
2024-08-17 21:23:23 Latest version is 1.6.7
2024-08-17 21:23:23 App is up to date.
2024-12-26 19:23:17 Loading main app package /usr/lib/obsidian/obsidian.asar
2024-12-26 19:23:18 Checking for update using Github
2024-12-26 19:23:18 Success.
2024-12-26 19:23:18 Latest version is 1.7.7
2024-12-26 19:23:18 App is up to date.
2025-02-13 01:27:22 Loading main app package /usr/lib/obsidian/obsidian.asar
2025-02-13 01:27:22 Checking for update using Github
2025-02-13 01:27:22 Success.
2025-02-13 01:27:22 Latest version is 1.8.4
2025-02-13 01:27:22 App is up to date.
2025-02-13 01:31:11 Loading main app package /usr/lib/obsidian/obsidian.asar
2025-02-13 01:31:11 Checking for update using Github
2025-02-13 01:31:11 Success.
2025-02-13 01:31:11 Latest version is 1.8.4
2025-02-13 01:31:11 App is up to date.
2025-02-13 17:04:23 Loading main app package /usr/lib/obsidian/obsidian.asar
2025-02-13 17:04:23 Checking for update using Github
2025-02-13 17:04:23 Success.
2025-02-13 17:04:23 Latest version is 1.8.4
2025-02-13 17:04:23 App is up to date.
2025-02-14 01:23:41 Loading main app package /usr/lib/obsidian/obsidian.asar
2025-02-14 01:23:41 Checking for update using Github
2025-02-14 01:23:41 Success.
2025-02-14 01:23:41 Latest version is 1.8.4
2025-02-14 01:23:41 App is up to date.
2025-06-02 16:29:16 Loading main app package /usr/lib/obsidian/obsidian.asar
2025-06-02 16:29:17 Checking for update using Github
2025-06-02 16:29:17 Success.
2025-06-02 16:29:17 Latest version is 1.8.10
2025-06-02 16:29:17 Downloading update from https://github.com/obsidianmd/obsidian-releases/releases/download/v1.8.10/obsidian-1.8.10.asar.gz
2025-06-02 16:29:30 Verifying hash & signature. Size= 8128788
2025-06-02 16:29:30 Saving file
2025-06-02 16:29:30 Update complete.
2025-06-02 16:29:31 Loading updated app package /home/juarri/.config/obsidian/obsidian-1.8.10.asar
2025-06-02 16:29:32 Checking for update using Github
2025-06-02 16:29:32 Success.
2025-06-02 16:29:32 Latest version is 1.8.10
2025-06-02 16:29:32 App is up to date.
2025-06-02 16:29:37 Checking for update using Github
2025-06-02 16:29:37 Success.
2025-06-02 16:29:37 Latest version is 1.8.10
2025-06-02 16:29:37 App is up to date.
2025-06-02 16:29:38 Checking for update using Github
2025-06-02 16:29:38 Success.
2025-06-02 16:29:38 Latest version is 1.8.10
2025-06-02 16:29:38 App is up to date.
2025-06-02 16:29:43 Checking for update using Github
2025-06-02 16:29:43 Success.
2025-06-02 16:29:43 Latest version is 1.9.1 (insider)
2025-06-02 16:29:43 Downloading update from https://releases.obsidian.md/release/obsidian-1.9.1.asar.gz
2025-06-02 16:29:45 Verifying hash & signature. Size= 8612819
2025-06-02 16:29:45 Saving file
2025-06-02 16:29:45 Update complete.
2025-06-02 16:29:46 Loading updated app package /home/juarri/.config/obsidian/obsidian-1.9.1.asar
2025-06-02 16:29:47 Checking for update using Github
2025-06-02 16:29:47 Success.
2025-06-02 16:29:47 Latest version is 1.9.1 (insider)
2025-06-02 16:29:47 App is up to date.
2025-06-02 17:23:11 Loading updated app package /home/juarri/.config/obsidian/obsidian-1.9.1.asar
2025-06-02 17:23:11 Checking for update using Github
2025-06-02 17:23:12 Success.
2025-06-02 17:23:12 Latest version is 1.9.1 (insider)
2025-06-02 17:23:12 App is up to date.
2025-06-02 17:31:03 Loading updated app package /home/juarri/.config/obsidian/obsidian-1.9.1.asar
2025-06-02 17:31:04 Checking for update using Github
2025-06-02 17:31:04 Success.
2025-06-02 17:31:04 Latest version is 1.9.1 (insider)
2025-06-02 17:31:04 App is up to date.
2025-06-02 18:45:18 Checking for update using Github
2025-06-02 18:45:18 Success.
2025-06-02 18:45:18 Latest version is 1.9.1 (insider)
2025-06-02 18:45:18 App is up to date.
2025-06-02 19:46:47 Loading updated app package /home/juarri/.config/obsidian/obsidian-1.9.1.asar
2025-06-02 19:46:47 Checking for update using Github
2025-06-02 19:46:48 Failed to check for update using Github (net::ERR_NETWORK_CHANGED)
2025-06-02 19:46:48 Checking for update using obsidian.md
2025-06-02 19:46:48 Failed to check for update using obsidian.md (Unexpected end of JSON input)
2025-06-03 18:08:29 Checking for update using Github
2025-06-03 18:08:29 Success.
2025-06-03 18:08:29 Latest version is 1.9.1 (insider)
2025-06-03 18:08:29 App is up to date.
2025-06-03 20:14:36 Loading updated app package /home/juarri/.config/obsidian/obsidian-1.9.1.asar
2025-06-03 20:14:37 Checking for update using Github
2025-06-03 20:14:38 Success.
2025-06-03 20:14:38 Latest version is 1.9.1 (insider)
2025-06-03 20:14:38 App is up to date.
2025-06-04 16:26:17 Loading updated app package /home/juarri/.config/obsidian/obsidian-1.9.1.asar
2025-06-04 16:26:17 Checking for update using Github
2025-06-04 16:26:18 Success.
2025-06-04 16:26:18 Latest version is 1.9.1 (insider)
2025-06-04 16:26:18 App is up to date.
2025-06-04 17:26:17 Checking for update using Github
2025-06-04 17:26:17 Success.
2025-06-04 17:26:17 Latest version is 1.9.1 (insider)
2025-06-04 17:26:17 App is up to date.
2025-06-05 17:33:03 Loading updated app package /home/juarri/.config/obsidian/obsidian-1.9.1.asar
2025-06-05 17:33:04 Checking for update using Github
2025-06-05 17:33:04 Success.
2025-06-05 17:33:04 Latest version is 1.9.2 (insider)
2025-06-05 17:33:04 Downloading update from https://releases.obsidian.md/release/obsidian-1.9.2.asar.gz
2025-06-05 17:33:05 Verifying hash & signature. Size= 8634364
2025-06-05 17:33:05 Saving file
2025-06-05 17:33:05 Update complete.
2025-06-05 18:33:03 Checking for update using Github
2025-06-05 18:33:04 Success.
2025-06-05 18:33:04 Latest version is 1.9.2 (insider)
2025-06-05 18:33:04 An update is already downloaded.
2025-06-06 16:59:52 Loading updated app package /home/juarri/.config/obsidian/obsidian-1.9.2.asar
2025-06-06 16:59:53 Checking for update using Github
2025-06-06 16:59:53 Success.
2025-06-06 16:59:53 Latest version is 1.9.2 (insider)
2025-06-06 16:59:53 App is up to date.
2025-06-06 17:59:52 Checking for update using Github
2025-06-06 17:59:53 Success.
2025-06-06 17:59:53 Latest version is 1.9.2 (insider)
2025-06-06 17:59:53 App is up to date.
2025-06-07 18:49:52 Loading updated app package /home/juarri/.config/obsidian/obsidian-1.9.2.asar
2025-06-07 18:49:52 Checking for update using Github
2025-06-07 18:49:52 Success.
2025-06-07 18:49:52 Latest version is 1.9.2 (insider)
2025-06-07 18:49:52 App is up to date.
2025-06-07 19:49:51 Checking for update using Github
2025-06-07 19:49:51 Success.
2025-06-07 19:49:51 Latest version is 1.9.2 (insider)
2025-06-07 19:49:51 App is up to date.
2025-06-07 20:49:51 Checking for update using Github
2025-06-07 20:49:51 Success.
2025-06-07 20:49:51 Latest version is 1.9.2 (insider)
2025-06-07 20:49:51 App is up to date.
2025-06-07 21:50:55 Checking for update using Github
2025-06-07 21:50:55 Success.
2025-06-07 21:50:55 Latest version is 1.9.2 (insider)
2025-06-07 21:50:55 App is up to date.
2025-06-08 15:28:13 Loading updated app package /home/juarri/.config/obsidian/obsidian-1.9.2.asar
2025-06-08 15:28:13 Checking for update using Github
2025-06-08 15:28:14 Success.
2025-06-08 15:28:14 Latest version is 1.9.2 (insider)
2025-06-08 15:28:14 App is up to date.
2025-06-08 15:28:33 Loading updated app package /home/juarri/.config/obsidian/obsidian-1.9.2.asar
2025-06-08 15:28:33 Checking for update using Github
2025-06-08 15:28:33 Success.
2025-06-08 15:28:33 Latest version is 1.9.2 (insider)
2025-06-08 15:28:33 App is up to date.
2025-06-09 03:54:21 Loading updated app package /home/juarri/.config/obsidian/obsidian-1.9.2.asar
2025-06-09 03:54:21 Checking for update using Github
2025-06-09 03:54:21 Success.
2025-06-09 03:54:21 Latest version is 1.9.2 (insider)
2025-06-09 03:54:21 App is up to date.
2025-06-09 03:55:13 Loading updated app package /home/juarri/.config/obsidian/obsidian-1.9.2.asar
2025-06-09 03:55:13 Checking for update using Github
2025-06-09 03:55:13 Success.
2025-06-09 03:55:13 Latest version is 1.9.2 (insider)
2025-06-09 03:55:13 App is up to date.
2025-06-09 03:56:49 Loading updated app package /home/juarri/.config/obsidian/obsidian-1.9.2.asar
2025-06-09 03:56:50 Checking for update using Github
2025-06-09 14:59:11 Loading updated app package /home/juarri/.config/obsidian/obsidian-1.9.2.asar
2025-06-09 14:59:12 Checking for update using Github
2025-06-09 14:59:12 Success.
2025-06-09 14:59:12 Latest version is 1.9.2 (insider)
2025-06-09 14:59:12 App is up to date.
2025-06-09 14:59:32 Loading updated app package /home/juarri/.config/obsidian/obsidian-1.9.2.asar
2025-06-09 14:59:32 Checking for update using Github
2025-06-09 14:59:32 Success.
2025-06-09 14:59:32 Latest version is 1.9.2 (insider)
2025-06-09 14:59:32 App is up to date.
2025-06-09 16:54:18 Checking for update using Github
2025-06-09 16:54:18 Success.
2025-06-09 16:54:18 Latest version is 1.9.2 (insider)
2025-06-09 16:54:18 App is up to date.
2025-06-09 17:55:03 Checking for update using Github
2025-06-09 17:55:03 Success.
2025-06-09 17:55:03 Latest version is 1.9.2 (insider)
2025-06-09 17:55:03 App is up to date.
2025-06-10 17:16:46 Loading updated app package /home/juarri/.config/obsidian/obsidian-1.9.2.asar
2025-06-10 17:16:46 Checking for update using Github
2025-06-10 17:16:46 Success.
2025-06-10 17:16:46 Latest version is 1.9.2 (insider)
2025-06-10 17:16:46 App is up to date.
2025-06-10 17:16:58 Loading updated app package /home/juarri/.config/obsidian/obsidian-1.9.2.asar
2025-06-10 17:16:59 Checking for update using Github
2025-06-10 17:16:59 Success.
2025-06-10 17:16:59 Latest version is 1.9.2 (insider)
2025-06-10 17:16:59 App is up to date.
2025-06-10 18:23:15 Checking for update using Github
2025-06-10 18:23:15 Success.
2025-06-10 18:23:15 Latest version is 1.9.2 (insider)
2025-06-10 18:23:15 App is up to date.
2025-06-10 21:28:46 Loading updated app package /home/juarri/.config/obsidian/obsidian-1.9.2.asar
2025-06-10 21:28:46 Checking for update using Github
2025-06-10 21:28:46 Success.
2025-06-10 21:28:46 Latest version is 1.9.2 (insider)
2025-06-10 21:28:46 App is up to date.
2025-11-30 03:18:38 Loading main app package /usr/lib/obsidian/obsidian.asar
2025-11-30 03:18:38 Checking for update using Github
2025-11-30 03:18:39 Success.
2025-11-30 03:18:39 Latest version is 1.10.6 (insider)
2025-11-30 03:18:39 App is up to date.
2026-01-11 01:32:42 Loading main app package /usr/lib/obsidian/obsidian.asar
2026-01-11 01:32:43 Checking for update using Github
2026-01-11 01:32:43 Success.
2026-01-11 01:32:43 Latest version is 1.11.4 (insider)
2026-01-11 01:32:43 Downloading update from https://releases.obsidian.md/release/obsidian-1.11.4.asar.gz
2026-01-11 01:32:43 Verifying hash & signature. Size= 8769455
2026-01-11 01:32:43 Saving file
2026-01-11 01:32:44 Update complete.
